2026-03-22 11:53:41,453 - src.config - INFO - TUSHARE_TOKEN detected, auto-injecting tushare into realtime priority: tushare,tencent,akshare_sina,efinance,akshare_em
2026-03-22 11:53:41,478 - src.storage - INFO - 数据库初始化完成: sqlite:///C:\Users\larry\AiProjects\daily_stock_analysis\data\stock_analysis.db
2026-03-22 11:53:42,391 - limit_up_track - WARNING - ⚠️  东方财富接口网络失败(000677.SZ)：('Connection aborted.', RemoteDisconnected('Remote end close
2026-03-22 11:53:42,869 - limit_up_track - WARNING - ⚠️  新浪财经接口列名缺失(000677.SZ)：'date'
2026-03-22 11:53:43,306 - limit_up_track - WARNING - ⚠️  腾讯财经接口数据格式错误(000677.SZ)：invalid literal for int() with base 10: 'i'
2026-03-22 11:53:43,311 - limit_up_track - ERROR - ❌ 所有接口获取 000677.SZ 日线数据失败
2026-03-22 11:53:43,311 - limit_up_track - INFO - 
=== 处理涨停股：000677.SZ 恒天海龙（首板）===
2026-03-22 11:53:43,701 - limit_up_track - WARNING - ⚠️  东方财富接口网络失败(000677.SZ)：('Connection aborted.', RemoteDisconnected('Remote end close
2026-03-22 11:53:44,109 - limit_up_track - WARNING - ⚠️  新浪财经接口列名缺失(000677.SZ)：'date'
2026-03-22 11:53:44,565 - limit_up_track - WARNING - ⚠️  腾讯财经接口数据格式错误(000677.SZ)：invalid literal for int() with base 10: 'i'
2026-03-22 11:53:44,565 - limit_up_track - ERROR - ❌ 所有接口获取 000677.SZ 日线数据失败
2026-03-22 11:53:44,565 - limit_up_track - WARNING - ⚠️  000677.SZ 数据不足，无法判定涨停
2026-03-22 11:53:44,570 - limit_up_track - WARNING - ⚠️  000677.SZ 未达到涨停标准
2026-03-22 11:53:44,953 - limit_up_track - WARNING - ⚠️  东方财富接口网络失败(002428.SZ)：('Connection aborted.', RemoteDisconnected('Remote end close
2026-03-22 11:53:45,458 - limit_up_track - WARNING - ⚠️  新浪财经接口列名缺失(002428.SZ)：'date'
2026-03-22 11:53:45,899 - limit_up_track - WARNING - ⚠️  腾讯财经接口数据格式错误(002428.SZ)：invalid literal for int() with base 10: 'i'
2026-03-22 11:53:45,899 - limit_up_track - ERROR - ❌ 所有接口获取 002428.SZ 日线数据失败
2026-03-22 11:53:45,899 - limit_up_track - INFO - 
=== 处理涨停股：002428.SZ 云南锗业（首板）===
2026-03-22 11:53:46,291 - limit_up_track - WARNING - ⚠️  东方财富接口网络失败(002428.SZ)：('Connection aborted.', RemoteDisconnected('Remote end close
2026-03-22 11:53:46,700 - limit_up_track - WARNING - ⚠️  新浪财经接口列名缺失(002428.SZ)：'date'
2026-03-22 11:53:47,150 - limit_up_track - WARNING - ⚠️  腾讯财经接口数据格式错误(002428.SZ)：invalid literal for int() with base 10: 'i'
2026-03-22 11:53:47,150 - limit_up_track - ERROR - ❌ 所有接口获取 002428.SZ 日线数据失败
2026-03-22 11:53:47,150 - limit_up_track - WARNING - ⚠️  002428.SZ 数据不足，无法判定涨停
2026-03-22 11:53:47,150 - limit_up_track - WARNING - ⚠️  002428.SZ 未达到涨停标准
2026-03-22 11:53:47,546 - limit_up_track - WARNING - ⚠️  东方财富接口网络失败(603538.SH)：('Connection aborted.', RemoteDisconnected('Remote end close
2026-03-22 11:53:48,025 - limit_up_track - WARNING - ⚠️  新浪财经接口列名缺失(603538.SH)：'date'
2026-03-22 11:53:48,479 - limit_up_track - WARNING - ⚠️  腾讯财经接口数据格式错误(603538.SH)：invalid literal for int() with base 10: 'i'
2026-03-22 11:53:48,479 - limit_up_track - ERROR - ❌ 所有接口获取 603538.SH 日线数据失败
2026-03-22 11:53:48,479 - limit_up_track - INFO - 
=== 处理涨停股：603538.SH 美诺华（首板）===
2026-03-22 11:53:48,892 - limit_up_track - WARNING - ⚠️  东方财富接口网络失败(603538.SH)：('Connection aborted.', RemoteDisconnected('Remote end close
2026-03-22 11:53:49,287 - limit_up_track - WARNING - ⚠️  新浪财经接口列名缺失(603538.SH)：'date'
2026-03-22 11:53:49,739 - limit_up_track - WARNING - ⚠️  腾讯财经接口数据格式错误(603538.SH)：invalid literal for int() with base 10: 'i'
2026-03-22 11:53:49,739 - limit_up_track - ERROR - ❌ 所有接口获取 603538.SH 日线数据失败
2026-03-22 11:53:49,744 - limit_up_track - WARNING - ⚠️  603538.SH 数据不足，无法判定涨停
2026-03-22 11:53:49,744 - limit_up_track - WARNING - ⚠️  603538.SH 未达到涨停标准
2026-03-22 11:53:50,204 - limit_up_track - WARNING - ⚠️  东方财富接口网络失败(002256.SZ)：('Connection aborted.', RemoteDisconnected('Remote end close
2026-03-22 11:53:50,827 - limit_up_track - WARNING - ⚠️  新浪财经接口列名缺失(002256.SZ)：'date'
2026-03-22 11:53:51,278 - limit_up_track - WARNING - ⚠️  腾讯财经接口数据格式错误(002256.SZ)：invalid literal for int() with base 10: 'i'
2026-03-22 11:53:51,278 - limit_up_track - ERROR - ❌ 所有接口获取 002256.SZ 日线数据失败
2026-03-22 11:53:51,278 - limit_up_track - INFO - 
=== 处理涨停股：002256.SZ 兆新股份（首板）===
2026-03-22 11:53:51,703 - limit_up_track - WARNING - ⚠️  东方财富接口网络失败(002256.SZ)：('Connection aborted.', RemoteDisconnected('Remote end close
2026-03-22 11:53:52,096 - limit_up_track - WARNING - ⚠️  新浪财经接口列名缺失(002256.SZ)：'date'
2026-03-22 11:53:52,556 - limit_up_track - WARNING - ⚠️  腾讯财经接口数据格式错误(002256.SZ)：invalid literal for int() with base 10: 'i'
2026-03-22 11:53:52,556 - limit_up_track - ERROR - ❌ 所有接口获取 002256.SZ 日线数据失败
2026-03-22 11:53:52,556 - limit_up_track - WARNING - ⚠️  002256.SZ 数据不足，无法判定涨停
2026-03-22 11:53:52,556 - limit_up_track - WARNING - ⚠️  002256.SZ 未达到涨停标准
2026-03-22 11:53:52,961 - limit_up_track - WARNING - ⚠️  东方财富接口网络失败(002310.SZ)：('Connection aborted.', RemoteDisconnected('Remote end close
2026-03-22 11:53:53,434 - limit_up_track - WARNING - ⚠️  新浪财经接口列名缺失(002310.SZ)：'date'
2026-03-22 11:53:53,899 - limit_up_track - WARNING - ⚠️  腾讯财经接口数据格式错误(002310.SZ)：invalid literal for int() with base 10: 'i'
2026-03-22 11:53:53,899 - limit_up_track - ERROR - ❌ 所有接口获取 002310.SZ 日线数据失败
2026-03-22 11:53:53,899 - limit_up_track - INFO - 
=== 处理涨停股：002310.SZ 东方新能（二板）===
2026-03-22 11:53:54,294 - limit_up_track - WARNING - ⚠️  东方财富接口网络失败(002310.SZ)：('Connection aborted.', RemoteDisconnected('Remote end close
2026-03-22 11:53:54,672 - limit_up_track - WARNING - ⚠️  新浪财经接口列名缺失(002310.SZ)：'date'
2026-03-22 11:53:55,137 - limit_up_track - WARNING - ⚠️  腾讯财经接口数据格式错误(002310.SZ)：invalid literal for int() with base 10: 'i'
2026-03-22 11:53:55,137 - limit_up_track - ERROR - ❌ 所有接口获取 002310.SZ 日线数据失败
2026-03-22 11:53:55,142 - limit_up_track - WARNING - ⚠️  002310.SZ 数据不足，无法判定涨停
2026-03-22 11:53:55,142 - limit_up_track - WARNING - ⚠️  002310.SZ 未达到涨停标准
2026-03-22 11:53:55,554 - limit_up_track - WARNING - ⚠️  东方财富接口网络失败(600726.SH)：('Connection aborted.', RemoteDisconnected('Remote end close
2026-03-22 11:53:56,058 - limit_up_track - WARNING - ⚠️  新浪财经接口列名缺失(600726.SH)：'date'
2026-03-22 11:53:56,514 - limit_up_track - WARNING - ⚠️  腾讯财经接口数据格式错误(600726.SH)：invalid literal for int() with base 10: 'i'
2026-03-22 11:53:56,514 - limit_up_track - ERROR - ❌ 所有接口获取 600726.SH 日线数据失败
2026-03-22 11:53:56,514 - limit_up_track - INFO - 
=== 处理涨停股：600726.SH 华电能源（二板）===
2026-03-22 11:53:56,899 - limit_up_track - WARNING - ⚠️  东方财富接口网络失败(600726.SH)：('Connection aborted.', RemoteDisconnected('Remote end close
2026-03-22 11:53:57,279 - limit_up_track - WARNING - ⚠️  新浪财经接口列名缺失(600726.SH)：'date'
2026-03-22 11:53:57,736 - limit_up_track - WARNING - ⚠️  腾讯财经接口数据格式错误(600726.SH)：invalid literal for int() with base 10: 'i'
2026-03-22 11:53:57,736 - limit_up_track - ERROR - ❌ 所有接口获取 600726.SH 日线数据失败
2026-03-22 11:53:57,736 - limit_up_track - WARNING - ⚠️  600726.SH 数据不足，无法判定涨停
2026-03-22 11:53:57,736 - limit_up_track - WARNING - ⚠️  600726.SH 未达到涨停标准
2026-03-22 11:53:58,147 - limit_up_track - WARNING - ⚠️  东方财富接口网络失败(002309.SZ)：('Connection aborted.', RemoteDisconnected('Remote end close
2026-03-22 11:53:58,663 - limit_up_track - WARNING - ⚠️  新浪财经接口列名缺失(002309.SZ)：'date'
2026-03-22 11:53:59,121 - limit_up_track - WARNING - ⚠️  腾讯财经接口数据格式错误(002309.SZ)：invalid literal for int() with base 10: 'i'
2026-03-22 11:53:59,121 - limit_up_track - ERROR - ❌ 所有接口获取 002309.SZ 日线数据失败
2026-03-22 11:53:59,121 - limit_up_track - INFO - 
=== 处理涨停股：002309.SZ 中利集团（首板）===
2026-03-22 11:53:59,537 - limit_up_track - WARNING - ⚠️  东方财富接口网络失败(002309.SZ)：('Connection aborted.', RemoteDisconnected('Remote end close
2026-03-22 11:53:59,902 - limit_up_track - WARNING - ⚠️  新浪财经接口列名缺失(002309.SZ)：'date'
2026-03-22 11:54:00,344 - limit_up_track - WARNING - ⚠️  腾讯财经接口数据格式错误(002309.SZ)：invalid literal for int() with base 10: 'i'
2026-03-22 11:54:00,349 - limit_up_track - ERROR - ❌ 所有接口获取 002309.SZ 日线数据失败
2026-03-22 11:54:00,349 - limit_up_track - WARNING - ⚠️  002309.SZ 数据不足，无法判定涨停
2026-03-22 11:54:00,349 - limit_up_track - WARNING - ⚠️  002309.SZ 未达到涨停标准
2026-03-22 11:54:00,778 - limit_up_track - WARNING - ⚠️  东方财富接口网络失败(600617.SH)：('Connection aborted.', RemoteDisconnected('Remote end close
2026-03-22 11:54:01,219 - limit_up_track - WARNING - ⚠️  新浪财经接口列名缺失(600617.SH)：'date'
2026-03-22 11:54:01,697 - limit_up_track - WARNING - ⚠️  腾讯财经接口数据格式错误(600617.SH)：invalid literal for int() with base 10: 'i'
2026-03-22 11:54:01,697 - limit_up_track - ERROR - ❌ 所有接口获取 600617.SH 日线数据失败
2026-03-22 11:54:01,697 - limit_up_track - INFO - 
=== 处理涨停股：600617.SH 国新能源（二板）===
2026-03-22 11:54:02,086 - limit_up_track - WARNING - ⚠️  东方财富接口网络失败(600617.SH)：('Connection aborted.', RemoteDisconnected('Remote end close
2026-03-22 11:54:02,455 - limit_up_track - WARNING - ⚠️  新浪财经接口列名缺失(600617.SH)：'date'
2026-03-22 11:54:02,889 - limit_up_track - WARNING - ⚠️  腾讯财经接口数据格式错误(600617.SH)：invalid literal for int() with base 10: 'i'
2026-03-22 11:54:02,889 - limit_up_track - ERROR - ❌ 所有接口获取 600617.SH 日线数据失败
2026-03-22 11:54:02,889 - limit_up_track - WARNING - ⚠️  600617.SH 数据不足，无法判定涨停
2026-03-22 11:54:02,889 - limit_up_track - WARNING - ⚠️  600617.SH 未达到涨停标准
2026-03-22 11:54:03,300 - limit_up_track - WARNING - ⚠️  东方财富接口网络失败(002150.SZ)：('Connection aborted.', RemoteDisconnected('Remote end close
2026-03-22 11:54:03,869 - limit_up_track - WARNING - ⚠️  新浪财经接口列名缺失(002150.SZ)：'date'
2026-03-22 11:54:04,311 - limit_up_track - WARNING - ⚠️  腾讯财经接口数据格式错误(002150.SZ)：invalid literal for int() with base 10: 'i'
2026-03-22 11:54:04,311 - limit_up_track - ERROR - ❌ 所有接口获取 002150.SZ 日线数据失败
2026-03-22 11:54:04,311 - limit_up_track - INFO - 
=== 处理涨停股：002150.SZ 正泰电源（首板）===
2026-03-22 11:54:04,706 - limit_up_track - WARNING - ⚠️  东方财富接口网络失败(002150.SZ)：('Connection aborted.', RemoteDisconnected('Remote end close
2026-03-22 11:54:05,074 - limit_up_track - WARNING - ⚠️  新浪财经接口列名缺失(002150.SZ)：'date'
2026-03-22 11:54:05,516 - limit_up_track - WARNING - ⚠️  腾讯财经接口数据格式错误(002150.SZ)：invalid literal for int() with base 10: 'i'
2026-03-22 11:54:05,516 - limit_up_track - ERROR - ❌ 所有接口获取 002150.SZ 日线数据失败
2026-03-22 11:54:05,516 - limit_up_track - WARNING - ⚠️  002150.SZ 数据不足，无法判定涨停
2026-03-22 11:54:05,516 - limit_up_track - WARNING - ⚠️  002150.SZ 未达到涨停标准
2026-03-22 11:54:05,913 - limit_up_track - WARNING - ⚠️  东方财富接口网络失败(603026.SH)：('Connection aborted.', RemoteDisconnected('Remote end close
2026-03-22 11:54:06,389 - limit_up_track - WARNING - ⚠️  新浪财经接口列名缺失(603026.SH)：'date'
2026-03-22 11:54:06,831 - limit_up_track - WARNING - ⚠️  腾讯财经接口数据格式错误(603026.SH)：invalid literal for int() with base 10: 'i'
2026-03-22 11:54:06,831 - limit_up_track - ERROR - ❌ 所有接口获取 603026.SH 日线数据失败
2026-03-22 11:54:06,831 - limit_up_track - INFO - 
=== 处理涨停股：603026.SH 石大胜华（首板）===
2026-03-22 11:54:07,208 - limit_up_track - WARNING - ⚠️  东方财富接口网络失败(603026.SH)：('Connection aborted.', RemoteDisconnected('Remote end close
2026-03-22 11:54:07,592 - limit_up_track - WARNING - ⚠️  新浪财经接口列名缺失(603026.SH)：'date'
2026-03-22 11:54:08,040 - limit_up_track - WARNING - ⚠️  腾讯财经接口数据格式错误(603026.SH)：invalid literal for int() with base 10: 'i'
2026-03-22 11:54:08,040 - limit_up_track - ERROR - ❌ 所有接口获取 603026.SH 日线数据失败
2026-03-22 11:54:08,045 - limit_up_track - WARNING - ⚠️  603026.SH 数据不足，无法判定涨停
2026-03-22 11:54:08,045 - limit_up_track - WARNING - ⚠️  603026.SH 未达到涨停标准
2026-03-22 11:54:08,417 - limit_up_track - WARNING - ⚠️  东方财富接口网络失败(600310.SH)：('Connection aborted.', RemoteDisconnected('Remote end close
2026-03-22 11:54:09,011 - limit_up_track - WARNING - ⚠️  新浪财经接口列名缺失(600310.SH)：'date'
2026-03-22 11:54:09,457 - limit_up_track - WARNING - ⚠️  腾讯财经接口数据格式错误(600310.SH)：invalid literal for int() with base 10: 'i'
2026-03-22 11:54:09,461 - limit_up_track - ERROR - ❌ 所有接口获取 600310.SH 日线数据失败
2026-03-22 11:54:09,461 - limit_up_track - INFO - 
=== 处理涨停股：600310.SH 广西能源（首板）===
2026-03-22 11:54:09,825 - limit_up_track - WARNING - ⚠️  东方财富接口网络失败(600310.SH)：('Connection aborted.', RemoteDisconnected('Remote end close
2026-03-22 11:54:10,198 - limit_up_track - WARNING - ⚠️  新浪财经接口列名缺失(600310.SH)：'date'
2026-03-22 11:54:10,629 - limit_up_track - WARNING - ⚠️  腾讯财经接口数据格式错误(600310.SH)：invalid literal for int() with base 10: 'i'
2026-03-22 11:54:10,629 - limit_up_track - ERROR - ❌ 所有接口获取 600310.SH 日线数据失败
2026-03-22 11:54:10,629 - limit_up_track - WARNING - ⚠️  600310.SH 数据不足，无法判定涨停
2026-03-22 11:54:10,629 - limit_up_track - WARNING - ⚠️  600310.SH 未达到涨停标准
2026-03-22 11:54:11,018 - limit_up_track - WARNING - ⚠️  东方财富接口网络失败(600683.SH)：('Connection aborted.', RemoteDisconnected('Remote end close
2026-03-22 11:54:11,609 - limit_up_track - WARNING - ⚠️  新浪财经接口列名缺失(600683.SH)：'date'
2026-03-22 11:54:12,090 - limit_up_track - WARNING - ⚠️  腾讯财经接口数据格式错误(600683.SH)：invalid literal for int() with base 10: 'i'
2026-03-22 11:54:12,090 - limit_up_track - ERROR - ❌ 所有接口获取 600683.SH 日线数据失败
2026-03-22 11:54:12,090 - limit_up_track - INFO - 
=== 处理涨停股：600683.SH 京投发展（首板）===
2026-03-22 11:54:12,503 - limit_up_track - WARNING - ⚠️  东方财富接口网络失败(600683.SH)：('Connection aborted.', RemoteDisconnected('Remote end close
2026-03-22 11:54:12,892 - limit_up_track - WARNING - ⚠️  新浪财经接口列名缺失(600683.SH)：'date'
2026-03-22 11:54:13,338 - limit_up_track - WARNING - ⚠️  腾讯财经接口数据格式错误(600683.SH)：invalid literal for int() with base 10: 'i'
2026-03-22 11:54:13,343 - limit_up_track - ERROR - ❌ 所有接口获取 600683.SH 日线数据失败
2026-03-22 11:54:13,343 - limit_up_track - WARNING - ⚠️  600683.SH 数据不足，无法判定涨停
2026-03-22 11:54:13,343 - limit_up_track - WARNING - ⚠️  600683.SH 未达到涨停标准
2026-03-22 11:54:13,740 - limit_up_track - WARNING - ⚠️  东方财富接口网络失败(605050.SH)：('Connection aborted.', RemoteDisconnected('Remote end close
2026-03-22 11:54:14,259 - limit_up_track - WARNING - ⚠️  新浪财经接口列名缺失(605050.SH)：'date'
2026-03-22 11:54:14,838 - limit_up_track - WARNING - ⚠️  腾讯财经接口数据格式错误(605050.SH)：invalid literal for int() with base 10: 'i'
2026-03-22 11:54:14,838 - limit_up_track - ERROR - ❌ 所有接口获取 605050.SH 日线数据失败
2026-03-22 11:54:14,838 - limit_up_track - INFO - 
=== 处理涨停股：605050.SH 福然德（首板）===
2026-03-22 11:54:15,213 - limit_up_track - WARNING - ⚠️  东方财富接口网络失败(605050.SH)：('Connection aborted.', RemoteDisconnected('Remote end close
2026-03-22 11:54:15,633 - limit_up_track - WARNING - ⚠️  新浪财经接口列名缺失(605050.SH)：'date'
2026-03-22 11:54:16,137 - limit_up_track - WARNING - ⚠️  腾讯财经接口数据格式错误(605050.SH)：invalid literal for int() with base 10: 'i'
2026-03-22 11:54:16,137 - limit_up_track - ERROR - ❌ 所有接口获取 605050.SH 日线数据失败
2026-03-22 11:54:16,137 - limit_up_track - WARNING - ⚠️  605050.SH 数据不足，无法判定涨停
2026-03-22 11:54:16,138 - limit_up_track - WARNING - ⚠️  605050.SH 未达到涨停标准
2026-03-22 11:54:16,551 - limit_up_track - WARNING - ⚠️  东方财富接口网络失败(000509.SZ)：('Connection aborted.', RemoteDisconnected('Remote end close
2026-03-22 11:54:17,076 - limit_up_track - WARNING - ⚠️  新浪财经接口列名缺失(000509.SZ)：'date'
2026-03-22 11:54:17,555 - limit_up_track - WARNING - ⚠️  腾讯财经接口数据格式错误(000509.SZ)：invalid literal for int() with base 10: 'i'
2026-03-22 11:54:17,555 - limit_up_track - ERROR - ❌ 所有接口获取 000509.SZ 日线数据失败
2026-03-22 11:54:17,555 - limit_up_track - INFO - 
=== 处理涨停股：000509.SZ 华塑控股（首板）===
2026-03-22 11:54:17,962 - limit_up_track - WARNING - ⚠️  东方财富接口网络失败(000509.SZ)：('Connection aborted.', RemoteDisconnected('Remote end close
2026-03-22 11:54:18,348 - limit_up_track - WARNING - ⚠️  新浪财经接口列名缺失(000509.SZ)：'date'
2026-03-22 11:54:18,793 - limit_up_track - WARNING - ⚠️  腾讯财经接口数据格式错误(000509.SZ)：invalid literal for int() with base 10: 'i'
2026-03-22 11:54:18,798 - limit_up_track - ERROR - ❌ 所有接口获取 000509.SZ 日线数据失败
2026-03-22 11:54:18,798 - limit_up_track - WARNING - ⚠️  000509.SZ 数据不足，无法判定涨停
2026-03-22 11:54:18,798 - limit_up_track - WARNING - ⚠️  000509.SZ 未达到涨停标准
2026-03-22 11:54:19,203 - limit_up_track - WARNING - ⚠️  东方财富接口网络失败(603165.SH)：('Connection aborted.', RemoteDisconnected('Remote end close
2026-03-22 11:54:19,693 - limit_up_track - WARNING - ⚠️  新浪财经接口列名缺失(603165.SH)：'date'
2026-03-22 11:54:20,159 - limit_up_track - WARNING - ⚠️  腾讯财经接口数据格式错误(603165.SH)：invalid literal for int() with base 10: 'i'
2026-03-22 11:54:20,159 - limit_up_track - ERROR - ❌ 所有接口获取 603165.SH 日线数据失败
2026-03-22 11:54:20,159 - limit_up_track - INFO - 
=== 处理涨停股：603165.SH 荣晟环保（首板）===
2026-03-22 11:54:20,613 - limit_up_track - WARNING - ⚠️  东方财富接口网络失败(603165.SH)：('Connection aborted.', RemoteDisconnected('Remote end close
2026-03-22 11:54:21,008 - limit_up_track - WARNING - ⚠️  新浪财经接口列名缺失(603165.SH)：'date'
2026-03-22 11:54:21,450 - limit_up_track - WARNING - ⚠️  腾讯财经接口数据格式错误(603165.SH)：invalid literal for int() with base 10: 'i'
2026-03-22 11:54:21,450 - limit_up_track - ERROR - ❌ 所有接口获取 603165.SH 日线数据失败
2026-03-22 11:54:21,450 - limit_up_track - WARNING - ⚠️  603165.SH 数据不足，无法判定涨停
2026-03-22 11:54:21,450 - limit_up_track - WARNING - ⚠️  603165.SH 未达到涨停标准
2026-03-22 11:54:21,820 - limit_up_track - WARNING - ⚠️  东方财富接口网络失败(300827.SZ)：('Connection aborted.', RemoteDisconnected('Remote end close
2026-03-22 11:54:22,231 - limit_up_track - WARNING - ⚠️  新浪财经接口列名缺失(300827.SZ)：'date'
2026-03-22 11:54:22,690 - limit_up_track - WARNING - ⚠️  腾讯财经接口数据格式错误(300827.SZ)：invalid literal for int() with base 10: 'i'
2026-03-22 11:54:22,690 - limit_up_track - ERROR - ❌ 所有接口获取 300827.SZ 日线数据失败
2026-03-22 11:54:22,695 - limit_up_track - INFO - 
=== 处理涨停股：300827.SZ 上能电气（首板）===
2026-03-22 11:54:23,116 - limit_up_track - WARNING - ⚠️  东方财富接口网络失败(300827.SZ)：('Connection aborted.', RemoteDisconnected('Remote end close
2026-03-22 11:54:23,499 - limit_up_track - WARNING - ⚠️  新浪财经接口列名缺失(300827.SZ)：'date'
2026-03-22 11:54:23,944 - limit_up_track - WARNING - ⚠️  腾讯财经接口数据格式错误(300827.SZ)：invalid literal for int() with base 10: 'i'
2026-03-22 11:54:23,944 - limit_up_track - ERROR - ❌ 所有接口获取 300827.SZ 日线数据失败
2026-03-22 11:54:23,944 - limit_up_track - WARNING - ⚠️  300827.SZ 数据不足，无法判定涨停
2026-03-22 11:54:23,944 - limit_up_track - WARNING - ⚠️  300827.SZ 未达到涨停标准
2026-03-22 11:54:24,370 - limit_up_track - WARNING - ⚠️  东方财富接口网络失败(605099.SH)：('Connection aborted.', RemoteDisconnected('Remote end close
2026-03-22 11:54:25,000 - limit_up_track - WARNING - ⚠️  新浪财经接口列名缺失(605099.SH)：'date'
2026-03-22 11:54:25,462 - limit_up_track - WARNING - ⚠️  腾讯财经接口数据格式错误(605099.SH)：invalid literal for int() with base 10: 'i'
2026-03-22 11:54:25,462 - limit_up_track - ERROR - ❌ 所有接口获取 605099.SH 日线数据失败
2026-03-22 11:54:25,462 - limit_up_track - INFO - 
=== 处理涨停股：605099.SH 共创草坪（首板）===
2026-03-22 11:54:25,836 - limit_up_track - WARNING - ⚠️  东方财富接口网络失败(605099.SH)：('Connection aborted.', RemoteDisconnected('Remote end close
2026-03-22 11:54:26,200 - limit_up_track - WARNING - ⚠️  新浪财经接口列名缺失(605099.SH)：'date'
2026-03-22 11:54:26,639 - limit_up_track - WARNING - ⚠️  腾讯财经接口数据格式错误(605099.SH)：invalid literal for int() with base 10: 'i'
2026-03-22 11:54:26,639 - limit_up_track - ERROR - ❌ 所有接口获取 605099.SH 日线数据失败
2026-03-22 11:54:26,644 - limit_up_track - WARNING - ⚠️  605099.SH 数据不足，无法判定涨停
2026-03-22 11:54:26,644 - limit_up_track - WARNING - ⚠️  605099.SH 未达到涨停标准
2026-03-22 11:54:27,058 - limit_up_track - WARNING - ⚠️  东方财富接口网络失败(605299.SH)：('Connection aborted.', RemoteDisconnected('Remote end close
2026-03-22 11:54:27,599 - limit_up_track - WARNING - ⚠️  新浪财经接口列名缺失(605299.SH)：'date'
2026-03-22 11:54:28,076 - limit_up_track - WARNING - ⚠️  腾讯财经接口数据格式错误(605299.SH)：invalid literal for int() with base 10: 'i'
2026-03-22 11:54:28,076 - limit_up_track - ERROR - ❌ 所有接口获取 605299.SH 日线数据失败
2026-03-22 11:54:28,076 - limit_up_track - INFO - 
=== 处理涨停股：605299.SH 舒华体育（首板）===
2026-03-22 11:54:28,488 - limit_up_track - WARNING - ⚠️  东方财富接口网络失败(605299.SH)：('Connection aborted.', RemoteDisconnected('Remote end close
2026-03-22 11:54:28,906 - limit_up_track - WARNING - ⚠️  新浪财经接口列名缺失(605299.SH)：'date'
2026-03-22 11:54:29,375 - limit_up_track - WARNING - ⚠️  腾讯财经接口数据格式错误(605299.SH)：invalid literal for int() with base 10: 'i'
2026-03-22 11:54:29,375 - limit_up_track - ERROR - ❌ 所有接口获取 605299.SH 日线数据失败
2026-03-22 11:54:29,375 - limit_up_track - WARNING - ⚠️  605299.SH 数据不足，无法判定涨停
2026-03-22 11:54:29,375 - limit_up_track - WARNING - ⚠️  605299.SH 未达到涨停标准
2026-03-22 11:54:29,780 - limit_up_track - WARNING - ⚠️  东方财富接口网络失败(000862.SZ)：('Connection aborted.', RemoteDisconnected('Remote end close
2026-03-22 11:54:30,255 - limit_up_track - WARNING - ⚠️  新浪财经接口列名缺失(000862.SZ)：'date'
2026-03-22 11:54:30,733 - limit_up_track - WARNING - ⚠️  腾讯财经接口数据格式错误(000862.SZ)：invalid literal for int() with base 10: 'i'
2026-03-22 11:54:30,733 - limit_up_track - ERROR - ❌ 所有接口获取 000862.SZ 日线数据失败
2026-03-22 11:54:30,733 - limit_up_track - INFO - 
=== 处理涨停股：000862.SZ 银星能源（首板）===
2026-03-22 11:54:31,152 - limit_up_track - WARNING - ⚠️  东方财富接口网络失败(000862.SZ)：('Connection aborted.', RemoteDisconnected('Remote end close
2026-03-22 11:54:31,563 - limit_up_track - WARNING - ⚠️  新浪财经接口列名缺失(000862.SZ)：'date'
2026-03-22 11:54:32,046 - limit_up_track - WARNING - ⚠️  腾讯财经接口数据格式错误(000862.SZ)：invalid literal for int() with base 10: 'i'
2026-03-22 11:54:32,047 - limit_up_track - ERROR - ❌ 所有接口获取 000862.SZ 日线数据失败
2026-03-22 11:54:32,047 - limit_up_track - WARNING - ⚠️  000862.SZ 数据不足，无法判定涨停
2026-03-22 11:54:32,047 - limit_up_track - WARNING - ⚠️  000862.SZ 未达到涨停标准
2026-03-22 11:54:32,565 - limit_up_track - WARNING - ⚠️  东方财富接口网络失败(301658.SZ)：('Connection aborted.', RemoteDisconnected('Remote end close
2026-03-22 11:54:33,132 - limit_up_track - WARNING - ⚠️  新浪财经接口列名缺失(301658.SZ)：'date'
2026-03-22 11:54:33,600 - limit_up_track - WARNING - ⚠️  腾讯财经接口数据格式错误(301658.SZ)：invalid literal for int() with base 10: 'i'
2026-03-22 11:54:33,600 - limit_up_track - ERROR - ❌ 所有接口获取 301658.SZ 日线数据失败
2026-03-22 11:54:33,600 - limit_up_track - INFO - 
=== 处理涨停股：301658.SZ 首航新能（首板）===
2026-03-22 11:54:33,983 - limit_up_track - WARNING - ⚠️  东方财富接口网络失败(301658.SZ)：('Connection aborted.', RemoteDisconnected('Remote end close
2026-03-22 11:54:34,386 - limit_up_track - WARNING - ⚠️  新浪财经接口列名缺失(301658.SZ)：'date'
2026-03-22 11:54:34,838 - limit_up_track - WARNING - ⚠️  腾讯财经接口数据格式错误(301658.SZ)：invalid literal for int() with base 10: 'i'
2026-03-22 11:54:34,838 - limit_up_track - ERROR - ❌ 所有接口获取 301658.SZ 日线数据失败
2026-03-22 11:54:34,838 - limit_up_track - WARNING - ⚠️  301658.SZ 数据不足，无法判定涨停
2026-03-22 11:54:34,838 - limit_up_track - WARNING - ⚠️  301658.SZ 未达到涨停标准
2026-03-22 11:54:35,257 - limit_up_track - WARNING - ⚠️  东方财富接口网络失败(603778.SH)：('Connection aborted.', RemoteDisconnected('Remote end close
2026-03-22 11:54:35,769 - limit_up_track - WARNING - ⚠️  新浪财经接口列名缺失(603778.SH)：'date'
2026-03-22 11:54:36,255 - limit_up_track - WARNING - ⚠️  腾讯财经接口数据格式错误(603778.SH)：invalid literal for int() with base 10: 'i'
2026-03-22 11:54:36,255 - limit_up_track - ERROR - ❌ 所有接口获取 603778.SH 日线数据失败
2026-03-22 11:54:36,255 - limit_up_track - INFO - 
=== 处理涨停股：603778.SH 国晟科技（首板）===
2026-03-22 11:54:36,642 - limit_up_track - WARNING - ⚠️  东方财富接口网络失败(603778.SH)：('Connection aborted.', RemoteDisconnected('Remote end close
2026-03-22 11:54:37,050 - limit_up_track - WARNING - ⚠️  新浪财经接口列名缺失(603778.SH)：'date'
2026-03-22 11:54:37,486 - limit_up_track - WARNING - ⚠️  腾讯财经接口数据格式错误(603778.SH)：invalid literal for int() with base 10: 'i'
2026-03-22 11:54:37,486 - limit_up_track - ERROR - ❌ 所有接口获取 603778.SH 日线数据失败
2026-03-22 11:54:37,486 - limit_up_track - WARNING - ⚠️  603778.SH 数据不足，无法判定涨停
2026-03-22 11:54:37,486 - limit_up_track - WARNING - ⚠️  603778.SH 未达到涨停标准
2026-03-22 11:54:37,903 - limit_up_track - WARNING - ⚠️  东方财富接口网络失败(001283.SZ)：('Connection aborted.', RemoteDisconnected('Remote end close
2026-03-22 11:54:38,539 - limit_up_track - WARNING - ⚠️  新浪财经接口列名缺失(001283.SZ)：'date'
2026-03-22 11:54:38,990 - limit_up_track - WARNING - ⚠️  腾讯财经接口数据格式错误(001283.SZ)：invalid literal for int() with base 10: 'i'
2026-03-22 11:54:38,990 - limit_up_track - ERROR - ❌ 所有接口获取 001283.SZ 日线数据失败
2026-03-22 11:54:38,990 - limit_up_track - INFO - 
=== 处理涨停股：001283.SZ 豪鹏科技（首板）===
2026-03-22 11:54:39,368 - limit_up_track - WARNING - ⚠️  东方财富接口网络失败(001283.SZ)：('Connection aborted.', RemoteDisconnected('Remote end close
2026-03-22 11:54:39,783 - limit_up_track - WARNING - ⚠️  新浪财经接口列名缺失(001283.SZ)：'date'
2026-03-22 11:54:40,238 - limit_up_track - WARNING - ⚠️  腾讯财经接口数据格式错误(001283.SZ)：invalid literal for int() with base 10: 'i'
2026-03-22 11:54:40,243 - limit_up_track - ERROR - ❌ 所有接口获取 001283.SZ 日线数据失败
2026-03-22 11:54:40,243 - limit_up_track - WARNING - ⚠️  001283.SZ 数据不足，无法判定涨停
2026-03-22 11:54:40,243 - limit_up_track - WARNING - ⚠️  001283.SZ 未达到涨停标准
2026-03-22 11:54:40,627 - limit_up_track - WARNING - ⚠️  东方财富接口网络失败(603381.SH)：('Connection aborted.', RemoteDisconnected('Remote end close
2026-03-22 11:54:41,252 - limit_up_track - WARNING - ⚠️  新浪财经接口列名缺失(603381.SH)：'date'
2026-03-22 11:54:41,764 - limit_up_track - WARNING - ⚠️  腾讯财经接口数据格式错误(603381.SH)：invalid literal for int() with base 10: 'i'
2026-03-22 11:54:41,774 - limit_up_track - ERROR - ❌ 所有接口获取 603381.SH 日线数据失败
2026-03-22 11:54:41,774 - limit_up_track - INFO - 
=== 处理涨停股：603381.SH 永臻股份（首板）===
2026-03-22 11:54:42,344 - limit_up_track - WARNING - ⚠️  东方财富接口网络失败(603381.SH)：('Connection aborted.', RemoteDisconnected('Remote end close
2026-03-22 11:54:42,753 - limit_up_track - WARNING - ⚠️  新浪财经接口列名缺失(603381.SH)：'date'
2026-03-22 11:54:43,216 - limit_up_track - WARNING - ⚠️  腾讯财经接口数据格式错误(603381.SH)：invalid literal for int() with base 10: 'i'
2026-03-22 11:54:43,216 - limit_up_track - ERROR - ❌ 所有接口获取 603381.SH 日线数据失败
2026-03-22 11:54:43,216 - limit_up_track - WARNING - ⚠️  603381.SH 数据不足，无法判定涨停
2026-03-22 11:54:43,216 - limit_up_track - WARNING - ⚠️  603381.SH 未达到涨停标准
2026-03-22 11:54:43,621 - limit_up_track - WARNING - ⚠️  东方财富接口网络失败(600604.SH)：('Connection aborted.', RemoteDisconnected('Remote end close
2026-03-22 11:54:44,167 - limit_up_track - WARNING - ⚠️  新浪财经接口列名缺失(600604.SH)：'date'
2026-03-22 11:54:44,638 - limit_up_track - WARNING - ⚠️  腾讯财经接口数据格式错误(600604.SH)：invalid literal for int() with base 10: 'i'
2026-03-22 11:54:44,638 - limit_up_track - ERROR - ❌ 所有接口获取 600604.SH 日线数据失败
2026-03-22 11:54:44,639 - limit_up_track - INFO - 
=== 处理涨停股：600604.SH 市北高新（首板）===
2026-03-22 11:54:45,047 - limit_up_track - WARNING - ⚠️  东方财富接口网络失败(600604.SH)：('Connection aborted.', RemoteDisconnected('Remote end close
2026-03-22 11:54:45,462 - limit_up_track - WARNING - ⚠️  新浪财经接口列名缺失(600604.SH)：'date'
2026-03-22 11:54:45,918 - limit_up_track - WARNING - ⚠️  腾讯财经接口数据格式错误(600604.SH)：invalid literal for int() with base 10: 'i'
2026-03-22 11:54:45,918 - limit_up_track - ERROR - ❌ 所有接口获取 600604.SH 日线数据失败
2026-03-22 11:54:45,918 - limit_up_track - WARNING - ⚠️  600604.SH 数据不足，无法判定涨停
2026-03-22 11:54:45,918 - limit_up_track - WARNING - ⚠️  600604.SH 未达到涨停标准
